2026-07-27T14:01:11.8033484Z Current runner version: '2.336.0'
2026-07-27T14:01:11.8059038Z ##[group]Runner Image Provisioner
2026-07-27T14:01:11.8059973Z Hosted Compute Agent
2026-07-27T14:01:11.8060598Z Version: 20260707.563
2026-07-27T14:01:11.8061263Z Commit: 02667638d2b423fbc733a8e32a88b44996a3ba6e
2026-07-27T14:01:11.8062039Z Build Date: 2026-07-07T19:33:50Z
2026-07-27T14:01:11.8062712Z Worker ID: {36979b44-2613-42e3-b0ff-31321ef3a07a}
2026-07-27T14:01:11.8063438Z Azure Region: westus
2026-07-27T14:01:11.8064088Z ##[endgroup]
2026-07-27T14:01:11.8066166Z ##[group]Operating System
2026-07-27T14:01:11.8066960Z Ubuntu
2026-07-27T14:01:11.8067597Z 24.04.4
2026-07-27T14:01:11.8068110Z LTS
2026-07-27T14:01:11.8068665Z ##[endgroup]
2026-07-27T14:01:11.8069253Z ##[group]Runner Image
2026-07-27T14:01:11.8069928Z Image: ubuntu-24.04
2026-07-27T14:01:11.8070547Z Version: 20260720.247.2
2026-07-27T14:01:11.8071806Z Included Software: https://github.com/actions/runner-images/blob/ubuntu24/20260720.247/images/ubuntu/Ubuntu2404-Readme.md
2026-07-27T14:01:11.8073451Z Image Release: https://github.com/actions/runner-images/releases/tag/ubuntu24%2F20260720.247
2026-07-27T14:01:11.8074462Z ##[endgroup]
2026-07-27T14:01:11.8075575Z ##[group]GITHUB_TOKEN Permissions
2026-07-27T14:01:11.8078009Z Contents: read
2026-07-27T14:01:11.8078760Z Metadata: read
2026-07-27T14:01:11.8079327Z ##[endgroup]
2026-07-27T14:01:11.8081364Z Secret source: Actions
2026-07-27T14:01:11.8082959Z Prepare workflow directory
2026-07-27T14:01:11.8421845Z Prepare all required actions
2026-07-27T14:01:11.8464773Z Getting action download info
2026-07-27T14:01:12.2048364Z Download action repository 'actions/checkout@v4' (SHA:11d5960a326750d5838078e36cf38b85af677262)
2026-07-27T14:01:12.6692501Z Download action repository 'actions/setup-node@v4' (SHA:49933ea5288caeca8642d1e84afbd3f7d6820020)
2026-07-27T14:01:12.8612919Z Complete job name: e2e
2026-07-27T14:01:12.9484808Z Node 20 is being deprecated. This workflow is running with Node 24 by default. If you need to temporarily use Node 20, you can set the ACTIONS_ALLOW_USE_UNSECURE_NODE_VERSION=true environment variable. For more information see: https://github.blog/changelog/2025-09-19-deprecation-of-node-20-on-github-actions-runners/
2026-07-27T14:01:12.9493712Z ##[group]Run actions/checkout@v4
2026-07-27T14:01:12.9494472Z with:
2026-07-27T14:01:12.9494992Z   repository: jantimon/web-performance-debugger
2026-07-27T14:01:12.9499329Z   token: ***
2026-07-27T14:01:12.9499774Z   ssh-strict: true
2026-07-27T14:01:12.9500214Z   ssh-user: git
2026-07-27T14:01:12.9500661Z   persist-credentials: true
2026-07-27T14:01:12.9501168Z   clean: true
2026-07-27T14:01:12.9501620Z   sparse-checkout-cone-mode: true
2026-07-27T14:01:12.9502138Z   fetch-depth: 1
2026-07-27T14:01:12.9502565Z   fetch-tags: false
2026-07-27T14:01:12.9503014Z   show-progress: true
2026-07-27T14:01:12.9503465Z   lfs: false
2026-07-27T14:01:12.9503920Z   submodules: false
2026-07-27T14:01:12.9504374Z   set-safe-directory: true
2026-07-27T14:01:12.9504886Z   allow-unsafe-pr-checkout: false
2026-07-27T14:01:12.9505712Z ##[endgroup]
2026-07-27T14:01:13.0506819Z Syncing repository: jantimon/web-performance-debugger
2026-07-27T14:01:13.0509732Z ##[group]Getting Git version info
2026-07-27T14:01:13.0511252Z Working directory is '/home/runner/work/web-performance-debugger/web-performance-debugger'
2026-07-27T14:01:13.0513300Z [command]/usr/bin/git version
2026-07-27T14:01:13.0603813Z git version 2.54.0
2026-07-27T14:01:13.0659449Z ##[endgroup]
2026-07-27T14:01:13.0676412Z Temporarily overriding HOME='/home/runner/work/_temp/373e7dca-892f-497a-b8fe-75f2a8cdb2e3' before making global git config changes
2026-07-27T14:01:13.0678896Z Adding repository directory to the temporary git global config as a safe directory
2026-07-27T14:01:13.0682908Z [command]/usr/bin/git config --global --add safe.directory /home/runner/work/web-performance-debugger/web-performance-debugger
2026-07-27T14:01:13.0740740Z Deleting the contents of '/home/runner/work/web-performance-debugger/web-performance-debugger'
2026-07-27T14:01:13.0750210Z ##[group]Initializing the repository
2026-07-27T14:01:13.0751831Z [command]/usr/bin/git init /home/runner/work/web-performance-debugger/web-performance-debugger
2026-07-27T14:01:13.0861728Z hint: Using 'master' as the name for the initial branch. This default branch name
2026-07-27T14:01:13.0863600Z hint: will change to "main" in Git 3.0. To configure the initial branch name
2026-07-27T14:01:13.0865405Z hint: to use in all of your new repositories, which will suppress this warning,
2026-07-27T14:01:13.0867271Z hint: call:
2026-07-27T14:01:13.0868018Z hint:
2026-07-27T14:01:13.0868881Z hint: 	git config --global init.defaultBranch <name>
2026-07-27T14:01:13.0869630Z hint:
2026-07-27T14:01:13.0870322Z hint: Names commonly chosen instead of 'master' are 'main', 'trunk' and
2026-07-27T14:01:13.0871503Z hint: 'development'. The just-created branch can be renamed via this command:
2026-07-27T14:01:13.0872413Z hint:
2026-07-27T14:01:13.0872897Z hint: 	git branch -m <name>
2026-07-27T14:01:13.0873463Z hint:
2026-07-27T14:01:13.0874258Z hint: Disable this message with "git config set advice.defaultBranchName false"
2026-07-27T14:01:13.0881812Z Initialized empty Git repository in /home/runner/work/web-performance-debugger/web-performance-debugger/.git/
2026-07-27T14:01:13.0894656Z [command]/usr/bin/git remote add origin https://github.com/jantimon/web-performance-debugger
2026-07-27T14:01:13.0940321Z ##[endgroup]
2026-07-27T14:01:13.0941200Z ##[group]Disabling automatic garbage collection
2026-07-27T14:01:13.0944615Z [command]/usr/bin/git config --local gc.auto 0
2026-07-27T14:01:13.0974845Z ##[endgroup]
2026-07-27T14:01:13.0975720Z ##[group]Setting up auth
2026-07-27T14:01:13.0982493Z [command]/usr/bin/git config --local --name-only --get-regexp core\.sshCommand
2026-07-27T14:01:13.1028045Z [command]/usr/bin/git submodule foreach --recursive sh -c "git config --local --name-only --get-regexp 'core\.sshCommand' && git config --local --unset-all 'core.sshCommand' || :"
2026-07-27T14:01:13.1422176Z [command]/usr/bin/git config --local --name-only --get-regexp http\.https\:\/\/github\.com\/\.extraheader
2026-07-27T14:01:13.1459390Z [command]/usr/bin/git submodule foreach --recursive sh -c "git config --local --name-only --get-regexp 'http\.https\:\/\/github\.com\/\.extraheader' && git config --local --unset-all 'http.https://github.com/.extraheader' || :"
2026-07-27T14:01:13.1684638Z [command]/usr/bin/git config --local --name-only --get-regexp ^includeIf\.gitdir:
2026-07-27T14:01:13.1723349Z [command]/usr/bin/git submodule foreach --recursive git config --local --show-origin --name-only --get-regexp remote.origin.url
2026-07-27T14:01:13.1950288Z [command]/usr/bin/git config --local http.https://github.com/.extraheader AUTHORIZATION: basic ***
2026-07-27T14:01:13.1987634Z ##[endgroup]
2026-07-27T14:01:13.1988742Z ##[group]Fetching the repository
2026-07-27T14:01:13.1998014Z [command]/usr/bin/git -c protocol.version=2 fetch --no-tags --prune --no-recurse-submodules --depth=1 origin +5ed3756c3919d3005d6454a5129f1f7792c075ec:refs/remotes/pull/124/merge
2026-07-27T14:01:13.8947072Z From https://github.com/jantimon/web-performance-debugger
2026-07-27T14:01:13.8950396Z  * [new ref]         5ed3756c3919d3005d6454a5129f1f7792c075ec -> pull/124/merge
2026-07-27T14:01:13.8992366Z ##[endgroup]
2026-07-27T14:01:13.8994933Z ##[group]Determining the checkout info
2026-07-27T14:01:13.8998428Z ##[endgroup]
2026-07-27T14:01:13.9001984Z [command]/usr/bin/git sparse-checkout disable
2026-07-27T14:01:13.9053831Z [command]/usr/bin/git config --local --unset-all extensions.worktreeConfig
2026-07-27T14:01:13.9099145Z ##[group]Checking out the ref
2026-07-27T14:01:13.9101814Z [command]/usr/bin/git checkout --progress --force refs/remotes/pull/124/merge
2026-07-27T14:01:13.9350202Z Note: switching to 'refs/remotes/pull/124/merge'.
2026-07-27T14:01:13.9351159Z 
2026-07-27T14:01:13.9352022Z You are in 'detached HEAD' state. You can look around, make experimental
2026-07-27T14:01:13.9354002Z changes and commit them, and you can discard any commits you make in this
2026-07-27T14:01:13.9356623Z state without impacting any branches by switching back to a branch.
2026-07-27T14:01:13.9358063Z 
2026-07-27T14:01:13.9358844Z If you want to create a new branch to retain commits you create, you may
2026-07-27T14:01:13.9360754Z do so (now or later) by using -c with the switch command. Example:
2026-07-27T14:01:13.9361967Z 
2026-07-27T14:01:13.9362449Z   git switch -c <new-branch-name>
2026-07-27T14:01:13.9363266Z 
2026-07-27T14:01:13.9363781Z Or undo this operation with:
2026-07-27T14:01:13.9364551Z 
2026-07-27T14:01:13.9364991Z   git switch -
2026-07-27T14:01:13.9365565Z 
2026-07-27T14:01:13.9366684Z Turn off this advice by setting config variable advice.detachedHead to false
2026-07-27T14:01:13.9368124Z 
2026-07-27T14:01:13.9369912Z HEAD is now at 5ed3756 Merge 9c3fec4b7f40b71497854e04d3e07d11a8453f29 into 95536901793d89cfa3c3fbf9ded7171f011a2887
2026-07-27T14:01:13.9374297Z ##[endgroup]
2026-07-27T14:01:13.9402565Z [command]/usr/bin/git log -1 --format=%H
2026-07-27T14:01:13.9429341Z 5ed3756c3919d3005d6454a5129f1f7792c075ec
2026-07-27T14:01:13.9807450Z Node 20 is being deprecated. This workflow is running with Node 24 by default. If you need to temporarily use Node 20, you can set the ACTIONS_ALLOW_USE_UNSECURE_NODE_VERSION=true environment variable. For more information see: https://github.blog/changelog/2025-09-19-deprecation-of-node-20-on-github-actions-runners/
2026-07-27T14:01:13.9813378Z ##[group]Run actions/setup-node@v4
2026-07-27T14:01:13.9814433Z with:
2026-07-27T14:01:13.9815176Z   node-version: 24
2026-07-27T14:01:13.9816247Z   cache: npm
2026-07-27T14:01:13.9817046Z   always-auth: false
2026-07-27T14:01:13.9817911Z   check-latest: false
2026-07-27T14:01:13.9827702Z   token: ***
2026-07-27T14:01:13.9828480Z ##[endgroup]
2026-07-27T14:01:14.1326264Z Found in cache @ /opt/hostedtoolcache/node/24.18.0/x64
2026-07-27T14:01:14.1330472Z (node:2258) [DEP0040] DeprecationWarning: The `punycode` module is deprecated. Please use a userland alternative instead.
2026-07-27T14:01:14.1335035Z (Use `node --trace-deprecation ...` to show where the warning was created)
2026-07-27T14:01:14.1339175Z ##[group]Environment details
2026-07-27T14:01:15.0915274Z node: v24.18.0
2026-07-27T14:01:15.0916161Z npm: 11.16.0
2026-07-27T14:01:15.0916718Z yarn: 1.22.22
2026-07-27T14:01:15.0918373Z ##[endgroup]
2026-07-27T14:01:15.0943446Z [command]/opt/hostedtoolcache/node/24.18.0/x64/bin/npm config get cache
2026-07-27T14:01:15.4656090Z /home/runner/.npm
2026-07-27T14:01:15.7236387Z Cache hit for: node-cache-Linux-x64-npm-655afa57624ba5908a35518af78f384c4e6488267d8ac7f50272901fd16aaf40
2026-07-27T14:01:15.7338543Z (node:2258) [DEP0169] DeprecationWarning: `url.parse()` behavior is not standardized and prone to errors that have security implications. Use the WHATWG URL API instead. CVEs are not issued for `url.parse()` vulnerabilities.
2026-07-27T14:01:17.0277368Z Received 4194304 of 49394654 (8.5%), 4.0 MBs/sec
2026-07-27T14:01:17.7296542Z Received 49394654 of 49394654 (100.0%), 27.7 MBs/sec
2026-07-27T14:01:17.7356954Z Cache Size: ~47 MB (49394654 B)
2026-07-27T14:01:17.7427469Z [command]/usr/bin/tar -xf /home/runner/work/_temp/f4776185-b67e-4572-929c-5375ce3ca3e2/cache.tzst -P -C /home/runner/work/web-performance-debugger/web-performance-debugger --use-compress-program unzstd
2026-07-27T14:01:17.8737306Z Cache restored successfully
2026-07-27T14:01:17.8769881Z Cache restored from key: node-cache-Linux-x64-npm-655afa57624ba5908a35518af78f384c4e6488267d8ac7f50272901fd16aaf40
2026-07-27T14:01:17.8942362Z ##[group]Run npm ci
2026-07-27T14:01:17.8942685Z [36;1mnpm ci[0m
2026-07-27T14:01:17.9001358Z shell: /usr/bin/bash -e {0}
2026-07-27T14:01:17.9001649Z ##[endgroup]
2026-07-27T14:01:26.3234169Z 
2026-07-27T14:01:26.3240661Z added 170 packages, and audited 171 packages in 8s
2026-07-27T14:01:26.3241413Z 
2026-07-27T14:01:26.3242011Z 33 packages are looking for funding
2026-07-27T14:01:26.3242568Z   run `npm fund` for details
2026-07-27T14:01:26.3268079Z 
2026-07-27T14:01:26.3268584Z 1 high severity vulnerability
2026-07-27T14:01:26.3269700Z 
2026-07-27T14:01:26.3270099Z To address all issues, run:
2026-07-27T14:01:26.3270876Z   npm audit fix
2026-07-27T14:01:26.3271165Z 
2026-07-27T14:01:26.3271459Z Run `npm audit` for details.
2026-07-27T14:01:26.3279676Z npm warn allow-scripts 1 package has install scripts not yet covered by allowScripts:
2026-07-27T14:01:26.3281416Z npm warn allow-scripts   puppeteer@25.2.1 (postinstall: node install.mjs)
2026-07-27T14:01:26.3282702Z npm warn allow-scripts
2026-07-27T14:01:26.3284211Z npm warn allow-scripts Run `npm approve-scripts --allow-scripts-pending` to review, or `npm approve-scripts <pkg>` to allow.
2026-07-27T14:01:26.3933115Z ##[group]Run sudo sysctl -w kernel.apparmor_restrict_unprivileged_userns=0
2026-07-27T14:01:26.3934143Z [36;1msudo sysctl -w kernel.apparmor_restrict_unprivileged_userns=0[0m
2026-07-27T14:01:26.3994252Z shell: /usr/bin/bash -e {0}
2026-07-27T14:01:26.3994688Z ##[endgroup]
2026-07-27T14:01:26.4146804Z kernel.apparmor_restrict_unprivileged_userns = 0
2026-07-27T14:01:26.4195828Z ##[group]Run npm run test:e2e
2026-07-27T14:01:26.4196607Z [36;1mnpm run test:e2e[0m
2026-07-27T14:01:26.4252207Z shell: /usr/bin/bash -e {0}
2026-07-27T14:01:26.4252632Z ##[endgroup]
2026-07-27T14:01:26.5356731Z 
2026-07-27T14:01:26.5357878Z > @jantimon/web-performance-debugger@0.19.0 pretest:e2e
2026-07-27T14:01:26.5358599Z > npm run build
2026-07-27T14:01:26.5358850Z 
2026-07-27T14:01:26.6745445Z 
2026-07-27T14:01:26.6746448Z > @jantimon/web-performance-debugger@0.19.0 prebuild
2026-07-27T14:01:26.6747748Z > node -e "require('node:fs').rmSync('dist',{recursive:true,force:true})"
2026-07-27T14:01:26.6748448Z 
2026-07-27T14:01:26.7105833Z 
2026-07-27T14:01:26.7112538Z > @jantimon/web-performance-debugger@0.19.0 build
2026-07-27T14:01:26.7115333Z > tsc
2026-07-27T14:01:26.7115767Z 
2026-07-27T14:01:29.4731402Z 
2026-07-27T14:01:29.4732156Z > @jantimon/web-performance-debugger@0.19.0 test:e2e
2026-07-27T14:01:29.4732830Z > WPD_E2E_REQUIRED=1 node --test test/cli.e2e.test.mjs
2026-07-27T14:01:29.4733249Z 
2026-07-27T14:36:47.2382161Z ##[error]The operation was canceled.
2026-07-27T14:36:47.2519855Z Node 20 is being deprecated. This workflow is running with Node 24 by default. If you need to temporarily use Node 20, you can set the ACTIONS_ALLOW_USE_UNSECURE_NODE_VERSION=true environment variable. For more information see: https://github.blog/changelog/2025-09-19-deprecation-of-node-20-on-github-actions-runners/
2026-07-27T14:36:47.2521096Z Post job cleanup.
2026-07-27T14:36:47.3349652Z [command]/usr/bin/git version
2026-07-27T14:36:47.3391851Z git version 2.54.0
2026-07-27T14:36:47.3461293Z Temporarily overriding HOME='/home/runner/work/_temp/d8a956eb-8c25-40c2-acdf-aa5a3b00f09b' before making global git config changes
2026-07-27T14:36:47.3462813Z Adding repository directory to the temporary git global config as a safe directory
2026-07-27T14:36:47.3467078Z [command]/usr/bin/git config --global --add safe.directory /home/runner/work/web-performance-debugger/web-performance-debugger
2026-07-27T14:36:47.3565078Z [command]/usr/bin/git config --local --name-only --get-regexp core\.sshCommand
2026-07-27T14:36:47.3570299Z [command]/usr/bin/git submodule foreach --recursive sh -c "git config --local --name-only --get-regexp 'core\.sshCommand' && git config --local --unset-all 'core.sshCommand' || :"
2026-07-27T14:36:47.3800088Z [command]/usr/bin/git config --local --name-only --get-regexp http\.https\:\/\/github\.com\/\.extraheader
2026-07-27T14:36:47.3843956Z http.https://github.com/.extraheader
2026-07-27T14:36:47.3867191Z [command]/usr/bin/git config --local --unset-all http.https://github.com/.extraheader
2026-07-27T14:36:47.3889760Z [command]/usr/bin/git submodule foreach --recursive sh -c "git config --local --name-only --get-regexp 'http\.https\:\/\/github\.com\/\.extraheader' && git config --local --unset-all 'http.https://github.com/.extraheader' || :"
2026-07-27T14:36:47.4161936Z [command]/usr/bin/git config --local --name-only --get-regexp ^includeIf\.gitdir:
2026-07-27T14:36:47.4202890Z [command]/usr/bin/git submodule foreach --recursive git config --local --show-origin --name-only --get-regexp remote.origin.url
2026-07-27T14:36:47.4590429Z Cleaning up orphan processes
2026-07-27T14:36:47.5212649Z Terminate orphan process: pid (2338) (npm run test:e2e)
2026-07-27T14:36:47.5240657Z Terminate orphan process: pid (2377) (sh)
2026-07-27T14:36:47.5267978Z Terminate orphan process: pid (2378) (MainThread)
2026-07-27T14:36:47.5298863Z Terminate orphan process: pid (2384) (MainThread)
2026-07-27T14:36:47.5332340Z Terminate orphan process: pid (2408) (chrome)
2026-07-27T14:36:47.5362503Z Terminate orphan process: pid (2410) (chrome_crashpad_handler)
2026-07-27T14:36:47.5393330Z Terminate orphan process: pid (2412) (chrome_crashpad_handler)
2026-07-27T14:36:47.5624160Z Terminate orphan process: pid (2724) (chrome)
2026-07-27T14:36:47.5658656Z Terminate orphan process: pid (2726) (chrome_crashpad_handler)
2026-07-27T14:36:47.5693777Z Terminate orphan process: pid (2728) (chrome_crashpad_handler)
2026-07-27T14:36:47.5797347Z Terminate orphan process: pid (3045) (chrome)
2026-07-27T14:36:47.5845308Z Terminate orphan process: pid (3047) (chrome_crashpad_handler)
2026-07-27T14:36:47.5886410Z Terminate orphan process: pid (3049) (chrome_crashpad_handler)
2026-07-27T14:36:47.6029780Z Terminate orphan process: pid (3850) (chrome)
2026-07-27T14:36:47.6123603Z Terminate orphan process: pid (3852) (chrome_crashpad_handler)
2026-07-27T14:36:47.6182841Z Terminate orphan process: pid (3854) (chrome_crashpad_handler)
2026-07-27T14:36:47.6274329Z Terminate orphan process: pid (4153) (chrome)
2026-07-27T14:36:47.6430867Z Terminate orphan process: pid (4155) (chrome_crashpad_handler)
2026-07-27T14:36:47.6476641Z Terminate orphan process: pid (4157) (chrome_crashpad_handler)
2026-07-27T14:36:47.6639511Z Terminate orphan process: pid (4445) (chrome)
2026-07-27T14:36:47.6680156Z Terminate orphan process: pid (4447) (chrome_crashpad_handler)
2026-07-27T14:36:47.6724996Z Terminate orphan process: pid (4449) (chrome_crashpad_handler)
2026-07-27T14:36:47.6836494Z Terminate orphan process: pid (4734) (chrome)
2026-07-27T14:36:47.6868284Z Terminate orphan process: pid (4736) (chrome_crashpad_handler)
2026-07-27T14:36:47.6907985Z Terminate orphan process: pid (4738) (chrome_crashpad_handler)
2026-07-27T14:36:47.6998293Z Terminate orphan process: pid (5456) (chrome)
2026-07-27T14:36:47.7068896Z Terminate orphan process: pid (5458) (chrome_crashpad_handler)
2026-07-27T14:36:47.7159645Z Terminate orphan process: pid (5460) (chrome_crashpad_handler)
2026-07-27T14:36:47.7357640Z Terminate orphan process: pid (6402) (chrome)
2026-07-27T14:36:47.7403768Z Terminate orphan process: pid (6404) (chrome_crashpad_handler)
2026-07-27T14:36:47.7449148Z Terminate orphan process: pid (6406) (chrome_crashpad_handler)
2026-07-27T14:36:47.7561952Z Terminate orphan process: pid (6715) (chrome)
2026-07-27T14:36:47.7614644Z Terminate orphan process: pid (6717) (chrome_crashpad_handler)
2026-07-27T14:36:47.7665335Z Terminate orphan process: pid (6719) (chrome_crashpad_handler)
2026-07-27T14:36:47.7811452Z Terminate orphan process: pid (7002) (MainThread)
2026-07-27T14:36:47.7857907Z Terminate orphan process: pid (7014) (MainThread)
2026-07-27T14:36:47.7901357Z Terminate orphan process: pid (7022) (MainThread)
2026-07-27T14:36:47.7947353Z Terminate orphan process: pid (7034) (chrome)
2026-07-27T14:36:47.7984003Z Terminate orphan process: pid (7036) (chrome_crashpad_handler)
2026-07-27T14:36:47.8019559Z Terminate orphan process: pid (7038) (chrome_crashpad_handler)
2026-07-27T14:36:47.8155366Z ##[warning]Node.js 20 is deprecated. The following actions target Node.js 20 but are being forced to run on Node.js 24: actions/checkout@v4, actions/setup-node@v4. For more information see: https://github.blog/changelog/2025-09-19-deprecation-of-node-20-on-github-actions-runners/
